[2023-05-12 10:15:23] INFO: Application started
[2023-05-12 10:15:24] INFO: Database connection successful
[2023-05-12 10:17:45] INFO: User admin@hirehive.com logged in
[2023-05-12 10:35:12] INFO: User admin@hirehive.com accessed admin dashboard
[2023-05-12 11:05:34] WARNING: Failed login attempt for user test@example.com
[2023-05-12 11:07:22] ERROR: Database query failed - Table 'hirehive.application_logs' doesn't exist
[2023-05-12 13:45:01] INFO: User johndoe@example.com registered
[2023-05-12 14:22:34] INFO: New job posting created by company XYZ Corp
[2023-05-12 15:35:12] INFO: User admin@hirehive.com created database backup
[2023-05-12 16:05:23] WARNING: High server load detected
[2023-05-12 16:08:45] INFO: Server load returned to normal
[2023-05-12 17:22:13] INFO: User admin@hirehive.com logged out
[2023-05-13 09:15:23] INFO: Application started
[2023-05-13 09:15:24] INFO: Database connection successful
[2023-05-13 09:18:45] INFO: User admin@hirehive.com logged in
[2023-05-13 10:35:12] INFO: User admin@hirehive.com accessed admin dashboard
[2023-05-13 11:05:34] WARNING: Failed login attempt for user unknown@example.com
[2023-05-13 11:07:22] ERROR: Database query failed - Syntax error in query
[2023-05-13 13:45:01] INFO: User jane.smith@example.com registered
[2023-05-13 14:22:34] INFO: New job posting created by company ABC Inc
[2023-05-13 15:35:12] INFO: User admin@hirehive.com performed database cleanup
[2023-05-13 16:05:23] WARNING: High server load detected
[2023-05-13 16:08:45] INFO: Server load returned to normal
[2023-05-13 17:22:13] INFO: User admin@hirehive.com logged out 